Enter the vertices/edges in the graph(one per line)
V(G) = {1, 6, 7, 8, 9, 10, 2, 3, 4, 5}
E(G) = {(1, 6), (1, 7), (1, 8), (1, 9), (1, 10), (2, 6), (2, 7), (2, 8), (2, 9), (2, 10), (3, 6), (3, 7), (3, 8), (3, 9), (3, 10), (4, 6), (4, 7), (4, 8), (4, 9), (4, 10), (5, 6), (5, 7), (5, 8), (5, 9), (5, 10)}
Bipartite
